00111111111110111111010111000010100011110101110000101000111101010010100011110101