0100000000100100000000000000000000000000000000000000000000000000