00111111111111001100110011001100110011001100110011001100110011001100110011001100