0011111111110011001100110011001100110011001100110011001100110011