0011111110111110101110000101000111101011100001010001111010111000