00111111111111111101100110011001100110011001100110011001100110011001100110011001