01000000000000101010000000000000000000000000000000000000000000000000000000000000