0100000000100110011011100001010001111010111000010100011110101110